[
  {
    "payload": {
      "anyOf": [
        {
          "properties": {
            "key": {
              "type": "string"
            }
          },
          "type": "object"
        },
        {
          "properties": {
            "key2": {
              "type": "string"
            }
          },
          "type": "object"
        }
      ]
    }
  }
]
