{
  "payload": {
    "additionalProperties": {
      "description": "test",
      "examples": [
        "test"
      ]
    },
    "properties": {
      "test": {
        "description": "hello",
        "examples": [
          "hello"
        ]
      }
    },
    "examples": [
      {
        "test": "example1"
      }
    ]
  }
}