{
  "payload": {
    "additionalProperties": {
      "type": [
        "null"
      ]
    },
    "type": [
      "null"
    ],
    "properties": {
      "test": {
        "type": [
          "null"
        ]
      }
    },
    "examples": [
      {
        "test": "example0"
      },
      {
        "test": "example1"
      }
    ]
  }
}